src/lib/firebase.ts(5,25): error TS2339: Property 'env' does not exist on type 'ImportMeta'.
src/lib/firebase.ts(6,29): error TS2339: Property 'env' does not exist on type 'ImportMeta'.
src/lib/firebase.ts(7,28): error TS2339: Property 'env' does not exist on type 'ImportMeta'.
src/lib/firebase.ts(8,32): error TS2339: Property 'env' does not exist on type 'ImportMeta'.
src/lib/firebase.ts(9,36): error TS2339: Property 'env' does not exist on type 'ImportMeta'.
src/lib/firebase.ts(10,24): error TS2339: Property 'env' does not exist on type 'ImportMeta'.
src/lib/supabase.ts(4,33): error TS2339: Property 'env' does not exist on type 'ImportMeta'.
src/lib/supabase.ts(5,37): error TS2339: Property 'env' does not exist on type 'ImportMeta'.
src/services/authService.ts(37,14): error TS2769: No overload matches this call.
  Overload 1 of 2, '(values: never, options?: { count?: "exact" | "planned" | "estimated"; }): PostgrestFilterBuilder<{ PostgrestVersion: "12"; }, never, never, null, "users", never, "POST">', gave the following error.
    Argument of type '{ id: string; email: string; name: string; plan: string; }' is not assignable to parameter of type 'never'.
  Overload 2 of 2, '(values: never[], options?: { count?: "exact" | "planned" | "estimated"; defaultToNull?: boolean; }): PostgrestFilterBuilder<{ PostgrestVersion: "12"; }, never, never, null, "users", never, "POST">', gave the following error.
    Object literal may only specify known properties, and 'id' does not exist in type 'never[]'.
src/services/authService.ts(56,21): error TS18047: 'profileData' is possibly 'null'.
src/services/authService.ts(57,24): error TS18047: 'profileData' is possibly 'null'.
src/services/authService.ts(58,23): error TS18047: 'profileData' is possibly 'null'.
src/services/authService.ts(59,23): error TS18047: 'profileData' is possibly 'null'.
src/services/authService.ts(60,32): error TS18047: 'profileData' is possibly 'null'.
src/services/authService.ts(106,21): error TS18047: 'profileData' is possibly 'null'.
src/services/authService.ts(107,24): error TS18047: 'profileData' is possibly 'null'.
src/services/authService.ts(108,23): error TS18047: 'profileData' is possibly 'null'.
src/services/authService.ts(109,23): error TS18047: 'profileData' is possibly 'null'.
src/services/authService.ts(110,32): error TS18047: 'profileData' is possibly 'null'.
src/services/authService.ts(202,38): error TS2339: Property 'id' does not exist on type 'never'.
src/services/authService.ts(203,41): error TS2339: Property 'email' does not exist on type 'never'.
src/services/authService.ts(204,40): error TS2339: Property 'name' does not exist on type 'never'.
src/services/authService.ts(205,40): error TS2339: Property 'plan' does not exist on type 'never'.
src/services/authService.ts(206,49): error TS2339: Property 'wallet_address' does not exist on type 'never'.
src/services/authService.ts(214,18): error TS2769: No overload matches this call.
  Overload 1 of 2, '(values: never, options?: { count?: "exact" | "planned" | "estimated"; }): PostgrestFilterBuilder<{ PostgrestVersion: "12"; }, never, never, null, "users", never, "POST">', gave the following error.
    Argument of type '{ email: string; name: string; wallet_address: string; plan: string; }' is not assignable to parameter of type 'never'.
  Overload 2 of 2, '(values: never[], options?: { count?: "exact" | "planned" | "estimated"; defaultToNull?: boolean; }): PostgrestFilterBuilder<{ PostgrestVersion: "12"; }, never, never, null, "users", never, "POST">', gave the following error.
    Object literal may only specify known properties, and 'email' does not exist in type 'never[]'.
src/services/authService.ts(228,25): error TS18047: 'newUser' is possibly 'null'.
src/services/authService.ts(229,28): error TS18047: 'newUser' is possibly 'null'.
src/services/authService.ts(230,27): error TS18047: 'newUser' is possibly 'null'.
src/services/authService.ts(231,27): error TS18047: 'newUser' is possibly 'null'.
src/services/authService.ts(232,36): error TS18047: 'newUser' is possibly 'null'.
src/services/authService.ts(273,34): error TS2339: Property 'id' does not exist on type 'never'.
src/services/authService.ts(274,37): error TS2339: Property 'email' does not exist on type 'never'.
src/services/authService.ts(275,36): error TS2339: Property 'name' does not exist on type 'never'.
src/services/authService.ts(276,36): error TS2339: Property 'plan' does not exist on type 'never'.
src/services/authService.ts(277,45): error TS2339: Property 'wallet_address' does not exist on type 'never'.
src/services/authService.ts(314,38): error TS2339: Property 'id' does not exist on type 'never'.
src/services/authService.ts(315,41): error TS2339: Property 'email' does not exist on type 'never'.
src/services/authService.ts(316,40): error TS2339: Property 'name' does not exist on type 'never'.
src/services/authService.ts(317,40): error TS2339: Property 'plan' does not exist on type 'never'.
src/services/authService.ts(318,49): error TS2339: Property 'wallet_address' does not exist on type 'never'.
src/services/authService.ts(351,30): error TS2339: Property 'id' does not exist on type 'never'.
src/services/authService.ts(352,33): error TS2339: Property 'email' does not exist on type 'never'.
src/services/authService.ts(353,32): error TS2339: Property 'name' does not exist on type 'never'.
src/services/authService.ts(354,32): error TS2339: Property 'plan' does not exist on type 'never'.
src/services/authService.ts(355,41): error TS2339: Property 'wallet_address' does not exist on type 'never'.
src/services/authService.ts(365,10): error TS2769: No overload matches this call.
  Overload 1 of 2, '(values: never, options?: { count?: "exact" | "planned" | "estimated"; }): PostgrestFilterBuilder<{ PostgrestVersion: "12"; }, never, never, null, "users", never, "POST">', gave the following error.
    Argument of type '{ id: string; email: string; name: string; plan: string; }' is not assignable to parameter of type 'never'.
  Overload 2 of 2, '(values: never[], options?: { count?: "exact" | "planned" | "estimated"; defaultToNull?: boolean; }): PostgrestFilterBuilder<{ PostgrestVersion: "12"; }, never, never, null, "users", never, "POST">', gave the following error.
    Object literal may only specify known properties, and 'id' does not exist in type 'never[]'.
src/services/authService.ts(377,13): error TS18047: 'newUser' is possibly 'null'.
src/services/authService.ts(378,16): error TS18047: 'newUser' is possibly 'null'.
src/services/authService.ts(379,15): error TS18047: 'newUser' is possibly 'null'.
src/services/authService.ts(380,15): error TS18047: 'newUser' is possibly 'null'.
src/services/authService.ts(381,24): error TS18047: 'newUser' is possibly 'null'.
src/services/databaseService.ts(11,21): error TS2345: Argument of type '{ plan: string; updated_at: string; }' is not assignable to parameter of type 'never'.
src/services/databaseService.ts(36,14): error TS2769: No overload matches this call.
  Overload 1 of 2, '(values: never, options?: { count?: "exact" | "planned" | "estimated"; }): PostgrestFilterBuilder<{ PostgrestVersion: "12"; }, never, never, null, "payments", never, "POST">', gave the following error.
    Argument of type '{ user_id: string; plan_name: string; amount: number; payment_type: "setup" | "retainer"; reference: string; status: string; }' is not assignable to parameter of type 'never'.
  Overload 2 of 2, '(values: never[], options?: { count?: "exact" | "planned" | "estimated"; defaultToNull?: boolean; }): PostgrestFilterBuilder<{ PostgrestVersion: "12"; }, never, never, null, "payments", never, "POST">', gave the following error.
    Object literal may only specify known properties, and 'user_id' does not exist in type 'never[]'.
src/services/databaseService.ts(67,25): error TS2339: Property 'id' does not exist on type 'never'.
src/services/databaseService.ts(68,29): error TS2339: Property 'user_id' does not exist on type 'never'.
src/services/databaseService.ts(69,31): error TS2339: Property 'plan_name' does not exist on type 'never'.
src/services/databaseService.ts(70,29): error TS2339: Property 'amount' does not exist on type 'never'.
src/services/databaseService.ts(71,34): error TS2339: Property 'payment_type' does not exist on type 'never'.
src/services/databaseService.ts(72,32): error TS2339: Property 'reference' does not exist on type 'never'.
src/services/databaseService.ts(73,29): error TS2339: Property 'status' does not exist on type 'never'.
src/services/databaseService.ts(74,32): error TS2339: Property 'created_at' does not exist on type 'never'.
src/services/databaseService.ts(93,14): error TS2769: No overload matches this call.
  Overload 1 of 2, '(values: never, options?: { count?: "exact" | "planned" | "estimated"; }): PostgrestFilterBuilder<{ PostgrestVersion: "12"; }, never, never, null, "contact_messages", never, "POST">', gave the following error.
    Argument of type '{ name: string; email: string; message: string; }' is not assignable to parameter of type 'never'.
  Overload 2 of 2, '(values: never[], options?: { count?: "exact" | "planned" | "estimated"; defaultToNull?: boolean; }): PostgrestFilterBuilder<{ PostgrestVersion: "12"; }, never, never, null, "contact_messages", never, "POST">', gave the following error.
    Object literal may only specify known properties, and 'name' does not exist in type 'never[]'.
src/services/databaseService.ts(120,21): error TS2339: Property 'id' does not exist on type 'never'.
src/services/databaseService.ts(121,23): error TS2339: Property 'name' does not exist on type 'never'.
src/services/databaseService.ts(122,24): error TS2339: Property 'email' does not exist on type 'never'.
src/services/databaseService.ts(123,26): error TS2339: Property 'message' does not exist on type 'never'.
src/services/databaseService.ts(124,28): error TS2339: Property 'created_at' does not exist on type 'never'.
src/services/databaseService.ts(154,21): error TS2345: Argument of type 'any' is not assignable to parameter of type 'never'.
src/services/databaseService.ts(179,17): error TS18047: 'data' is possibly 'null'.
src/services/databaseService.ts(180,20): error TS18047: 'data' is possibly 'null'.
src/services/databaseService.ts(181,19): error TS18047: 'data' is possibly 'null'.
src/services/databaseService.ts(182,19): error TS18047: 'data' is possibly 'null'.
src/services/databaseService.ts(183,28): error TS18047: 'data' is possibly 'null'.
